// Jest Snapshot v1, https://goo.gl/fbAQLP

exports[`Storyshots Button Emoji 1`] = `
<button
  onClick={[Function]}
  style={
    Object {
      "backgroundColor": "#FFFFFF",
      "border": "1px solid #eee",
      "borderRadius": 3,
      "cursor": "pointer",
      "fontSize": 15,
      "margin": 10,
      "padding": "3px 10px",
    }
  }
  type="button"
>
  <span
    aria-label="so cool"
    role="img"
  >
    üòÄ üòé üëç üíØ
  </span>
</button>
`;

exports[`Storyshots Button Text 1`] = `
<button
  onClick={[Function]}
  style={
    Object {
      "backgroundColor": "#FFFFFF",
      "border": "1px solid #eee",
      "borderRadius": 3,
      "cursor": "pointer",
      "fontSize": 15,
      "margin": 10,
      "padding": "3px 10px",
    }
  }
  type="button"
>
  Hello Button
</button>
`;

exports[`Storyshots Projects Add Form 1`] = `
Array [
  <header
    style={
      Object {
        "background": "rebeccapurple",
        "marginBottom": "1.45rem",
      }
    }
  >
    <div
      style={
        Object {
          "margin": "0 auto",
          "maxWidth": 960,
          "padding": "1.45rem 1.0875rem",
        }
      }
    >
      <h1
        style={
          Object {
            "margin": 0,
          }
        }
      >
        <a
          aria-current="page"
          className=""
          href="/"
          onClick={[Function]}
          onMouseEnter={[Function]}
          style={
            Object {
              "color": "white",
              "textDecoration": "none",
            }
          }
        >
          Project Management
        </a>
      </h1>
    </div>
  </header>,
  <div
    style={
      Object {
        "margin": "0 auto",
        "maxWidth": 960,
        "padding": "0 1.0875rem 1.45rem",
      }
    }
  >
    <main>
      <h2>
        Add Project
      </h2>
      <div>
        <form
          action="#"
          onReset={[Function]}
          onSubmit={[Function]}
        >
          <div>
            <label
              htmlFor="name"
            >
              Project name
            </label>
            *:¬†
            <input
              id="name"
              name="name"
              onBlur={[Function]}
              onChange={[Function]}
            />
          </div>
          <div>
            <label
              htmlFor="startDate"
            >
              Start date
            </label>
            :¬†
            <input
              id="startDate"
              name="startDate"
              onBlur={[Function]}
              onChange={[Function]}
            />
          </div>
          <div>
            <label
              htmlFor="endDate"
            >
              End date
            </label>
            :¬†
            <input
              id="endDate"
              name="endDate"
              onBlur={[Function]}
              onChange={[Function]}
            />
          </div>
          <input
            type="submit"
            value="Create"
          />
        </form>
      </div>
    </main>
    <footer>
      ¬© 
      2020
      , Built with
       
      <a
        href="https://www.gatsbyjs.org"
      >
        Gatsby
      </a>
    </footer>
  </div>,
]
`;

exports[`Storyshots Projects Add Form Error 1`] = `
Array [
  <header
    style={
      Object {
        "background": "rebeccapurple",
        "marginBottom": "1.45rem",
      }
    }
  >
    <div
      style={
        Object {
          "margin": "0 auto",
          "maxWidth": 960,
          "padding": "1.45rem 1.0875rem",
        }
      }
    >
      <h1
        style={
          Object {
            "margin": 0,
          }
        }
      >
        <a
          aria-current="page"
          className=""
          href="/"
          onClick={[Function]}
          onMouseEnter={[Function]}
          style={
            Object {
              "color": "white",
              "textDecoration": "none",
            }
          }
        >
          Project Management
        </a>
      </h1>
    </div>
  </header>,
  <div
    style={
      Object {
        "margin": "0 auto",
        "maxWidth": 960,
        "padding": "0 1.0875rem 1.45rem",
      }
    }
  >
    <main>
      <h2>
        Add Project
      </h2>
      <div>
        <p>
          Boom!
        </p>
        <form
          action="#"
          onReset={[Function]}
          onSubmit={[Function]}
        >
          <div>
            <label
              htmlFor="name"
            >
              Project name
            </label>
            *:¬†
            <input
              disabled={false}
              id="name"
              name="name"
              onBlur={[Function]}
              onChange={[Function]}
            />
          </div>
          <div>
            <label
              htmlFor="startDate"
            >
              Start date
            </label>
            :¬†
            <input
              disabled={false}
              id="startDate"
              name="startDate"
              onBlur={[Function]}
              onChange={[Function]}
            />
          </div>
          <div>
            <label
              htmlFor="endDate"
            >
              End date
            </label>
            :¬†
            <input
              disabled={false}
              id="endDate"
              name="endDate"
              onBlur={[Function]}
              onChange={[Function]}
            />
          </div>
          <input
            disabled={false}
            type="submit"
            value="Create"
          />
        </form>
      </div>
    </main>
    <footer>
      ¬© 
      2020
      , Built with
       
      <a
        href="https://www.gatsbyjs.org"
      >
        Gatsby
      </a>
    </footer>
  </div>,
]
`;

exports[`Storyshots Projects Empty 1`] = `
Array [
  <header
    style={
      Object {
        "background": "rebeccapurple",
        "marginBottom": "1.45rem",
      }
    }
  >
    <div
      style={
        Object {
          "margin": "0 auto",
          "maxWidth": 960,
          "padding": "1.45rem 1.0875rem",
        }
      }
    >
      <h1
        style={
          Object {
            "margin": 0,
          }
        }
      >
        <a
          aria-current="page"
          className=""
          href="/"
          onClick={[Function]}
          onMouseEnter={[Function]}
          style={
            Object {
              "color": "white",
              "textDecoration": "none",
            }
          }
        >
          Project Management
        </a>
      </h1>
    </div>
  </header>,
  <div
    style={
      Object {
        "margin": "0 auto",
        "maxWidth": 960,
        "padding": "0 1.0875rem 1.45rem",
      }
    }
  >
    <main>
      <h2>
        Projects
      </h2>
      <p>
        <em>
          No active projects.
        </em>
      </p>
    </main>
    <footer>
      ¬© 
      2020
      , Built with
       
      <a
        href="https://www.gatsbyjs.org"
      >
        Gatsby
      </a>
    </footer>
  </div>,
]
`;

exports[`Storyshots Projects Error 1`] = `
Array [
  <header
    style={
      Object {
        "background": "rebeccapurple",
        "marginBottom": "1.45rem",
      }
    }
  >
    <div
      style={
        Object {
          "margin": "0 auto",
          "maxWidth": 960,
          "padding": "1.45rem 1.0875rem",
        }
      }
    >
      <h1
        style={
          Object {
            "margin": 0,
          }
        }
      >
        <a
          aria-current="page"
          className=""
          href="/"
          onClick={[Function]}
          onMouseEnter={[Function]}
          style={
            Object {
              "color": "white",
              "textDecoration": "none",
            }
          }
        >
          Project Management
        </a>
      </h1>
    </div>
  </header>,
  <div
    style={
      Object {
        "margin": "0 auto",
        "maxWidth": 960,
        "padding": "0 1.0875rem 1.45rem",
      }
    }
  >
    <main>
      <h2>
        Projects
      </h2>
      <p>
        <em>
          Something went wrong ...
        </em>
      </p>
    </main>
    <footer>
      ¬© 
      2020
      , Built with
       
      <a
        href="https://www.gatsbyjs.org"
      >
        Gatsby
      </a>
    </footer>
  </div>,
]
`;

exports[`Storyshots Projects Filled 1`] = `
Array [
  <header
    style={
      Object {
        "background": "rebeccapurple",
        "marginBottom": "1.45rem",
      }
    }
  >
    <div
      style={
        Object {
          "margin": "0 auto",
          "maxWidth": 960,
          "padding": "1.45rem 1.0875rem",
        }
      }
    >
      <h1
        style={
          Object {
            "margin": 0,
          }
        }
      >
        <a
          aria-current="page"
          className=""
          href="/"
          onClick={[Function]}
          onMouseEnter={[Function]}
          style={
            Object {
              "color": "white",
              "textDecoration": "none",
            }
          }
        >
          Project Management
        </a>
      </h1>
    </div>
  </header>,
  <div
    style={
      Object {
        "margin": "0 auto",
        "maxWidth": 960,
        "padding": "0 1.0875rem 1.45rem",
      }
    }
  >
    <main>
      <h2>
        Projects
      </h2>
      <a
        href="/projects/add"
        onClick={[Function]}
        onMouseEnter={[Function]}
      >
        Add project
      </a>
      <ul
        className="projects"
      >
        <li>
          <a
            href="/project/2"
            onClick={[Function]}
            onMouseEnter={[Function]}
          >
            Resource manager
          </a>
          <span
            className="startDate"
          >
            2020-08-16
          </span>
           
          -
           
          <span
            className="endDate"
          >
            2020-09-06
          </span>
          )
        </li>
        <li>
          <a
            href="/project/3"
            onClick={[Function]}
            onMouseEnter={[Function]}
          >
            Fitness planner
          </a>
          <span
            className="startDate"
          >
            2020-09-20
          </span>
           
          -
           
          <span
            className="endDate"
          >
            2020-11-21
          </span>
          )
        </li>
      </ul>
    </main>
    <footer>
      ¬© 
      2020
      , Built with
       
      <a
        href="https://www.gatsbyjs.org"
      >
        Gatsby
      </a>
    </footer>
  </div>,
]
`;

exports[`Storyshots Projects Loading 1`] = `
Array [
  <header
    style={
      Object {
        "background": "rebeccapurple",
        "marginBottom": "1.45rem",
      }
    }
  >
    <div
      style={
        Object {
          "margin": "0 auto",
          "maxWidth": 960,
          "padding": "1.45rem 1.0875rem",
        }
      }
    >
      <h1
        style={
          Object {
            "margin": 0,
          }
        }
      >
        <a
          aria-current="page"
          className=""
          href="/"
          onClick={[Function]}
          onMouseEnter={[Function]}
          style={
            Object {
              "color": "white",
              "textDecoration": "none",
            }
          }
        >
          Project Management
        </a>
      </h1>
    </div>
  </header>,
  <div
    style={
      Object {
        "margin": "0 auto",
        "maxWidth": 960,
        "padding": "0 1.0875rem 1.45rem",
      }
    }
  >
    <main>
      <h2>
        Projects
      </h2>
      <p>
        <em>
          Loading...
        </em>
      </p>
    </main>
    <footer>
      ¬© 
      2020
      , Built with
       
      <a
        href="https://www.gatsbyjs.org"
      >
        Gatsby
      </a>
    </footer>
  </div>,
]
`;

exports[`Storyshots Welcome to Storybook 1`] = `
<article
  style={
    Object {
      "backgroundColor": "#fff",
      "color": "#000",
      "fontFamily": "\\"Helvetica Neue\\", Helvetica, \\"Segoe UI\\", Arial, freesans, sans-serif",
      "lineHeight": 1.4,
      "padding": 15,
    }
  }
>
  <h1>
    Welcome to storybook
  </h1>
  <p>
    This is a UI component dev environment for your app.
  </p>
  <p>
    We've added some basic stories inside the 
    <code
      style={
        Object {
          "backgroundColor": "#f3f2f2",
          "border": "1px solid #eae9e9",
          "borderRadius": 4,
          "color": "#3a3a3a",
          "fontSize": 15,
          "fontWeight": 600,
          "padding": "2px 5px",
        }
      }
    >
      src/stories
    </code>
     directory.
    <br />
    A story is a single state of one or more UI components. You can have as many stories as you want.
    <br />
    (Basically a story is like a visual test case.)
  </p>
  <p>
    See these sample 
    <button
      onClick={[Function]}
      style={
        Object {
          "backgroundColor": "transparent",
          "borderBottom": "1px solid #1474f3",
          "borderLeft": "none",
          "borderRight": "none",
          "borderTop": "none",
          "color": "#1474f3",
          "cursor": "pointer",
          "font": "inherit",
          "padding": 0,
          "paddingBottom": 2,
          "textDecoration": "none",
        }
      }
      type="button"
    >
      stories
    </button>
     for a component called¬†
    <code
      style={
        Object {
          "backgroundColor": "#f3f2f2",
          "border": "1px solid #eae9e9",
          "borderRadius": 4,
          "color": "#3a3a3a",
          "fontSize": 15,
          "fontWeight": 600,
          "padding": "2px 5px",
        }
      }
    >
      Button
    </code>
    .
  </p>
  <p>
    Just like that, you can add your own components as stories.
    <br />
    You can also edit those components and see changes right away.
    <br />
    (Try editing the 
    <code
      style={
        Object {
          "backgroundColor": "#f3f2f2",
          "border": "1px solid #eae9e9",
          "borderRadius": 4,
          "color": "#3a3a3a",
          "fontSize": 15,
          "fontWeight": 600,
          "padding": "2px 5px",
        }
      }
    >
      Button
    </code>
     stories located at¬†
    <code
      style={
        Object {
          "backgroundColor": "#f3f2f2",
          "border": "1px solid #eae9e9",
          "borderRadius": 4,
          "color": "#3a3a3a",
          "fontSize": 15,
          "fontWeight": 600,
          "padding": "2px 5px",
        }
      }
    >
      src/stories/1-Button.stories.js
    </code>
    .)
  </p>
  <p>
    Usually we create stories with smaller UI components in the app.
    <br />
    Have a look at the¬†
    <a
      href="https://storybook.js.org/basics/writing-stories"
      rel="noopener noreferrer"
      style={
        Object {
          "borderBottom": "1px solid #1474f3",
          "color": "#1474f3",
          "paddingBottom": 2,
          "textDecoration": "none",
        }
      }
      target="_blank"
    >
      Writing Stories
    </a>
    ¬†section in our documentation.
  </p>
  <p
    style={
      Object {
        "opacity": 0.5,
      }
    }
  >
    <b>
      NOTE:
    </b>
    <br />
    Have a look at the 
    <code
      style={
        Object {
          "backgroundColor": "#f3f2f2",
          "border": "1px solid #eae9e9",
          "borderRadius": 4,
          "color": "#3a3a3a",
          "fontSize": 15,
          "fontWeight": 600,
          "padding": "2px 5px",
        }
      }
    >
      .storybook/webpack.config.js
    </code>
     to add webpack loaders and plugins you are using in this project.
  </p>
</article>
`;
